% id     fitdata            truedata            pair-pot part              emb-func part            smallest sepn      ..per species (e.g. (1,1); (1,2); (2,2) )
    1   -298.791329670881  -635.115866340000      86.013914085855419       -384.805243756736104     1.90657      2.80448    1.90657    2.79122
